  UNIT                                                                                                                   LOAD      ACTIVE   SUB       DESCRIPTION
  uuidd.service                                                                                                          loaded    inactive dead      Daemon for generating UUIDs

Legend: LOAD   → Reflects whether the unit definition was properly loaded.
        ACTIVE → The high-level unit activation state, i.e. generalization of SUB.
        SUB    → The low-level unit activation state, values depend on unit type.

571 loaded units listed.
To show all installed unit files use 'systemctl list-unit-files'.
